
R version 3.4.2 (2017-09-28) -- "Short Summer"
Copyright (C) 2017 The R Foundation for Statistical Computing
Platform: x86_64-pc-linux-gnu (64-bit)

R is free software and comes with ABSOLUTELY NO WARRANTY.
You are welcome to redistribute it under certain conditions.
Type 'license()' or 'licence()' for distribution details.

  Natural language support but running in an English locale

R is a collaborative project with many contributors.
Type 'contributors()' for more information and
'citation()' on how to cite R or R packages in publications.

Type 'demo()' for some demos, 'help()' for on-line help, or
'help.start()' for an HTML browser interface to help.
Type 'q()' to quit R.

> 
> setwd("/fh/fast/sun_w/research/Immuno/data/Hugo_2016")
> 
> srr1 = scan(file="SRR_Acc_List.txt", what=character(0))
Read 47 items
> srr2 = scan(file="SRR_Acc_List_Vanderbilt.txt", what=character(0))
Read 31 items
> 
> srr1[1:5]
[1] "SRR3083837" "SRR3083838" "SRR3083839" "SRR3083840" "SRR3083841"
> srr2[1:5]
[1] "SRR4289714" "SRR4289715" "SRR4289716" "SRR4289717" "SRR4289718"
> 
> srr = c(srr1, srr2)
> nn = length(srr)
> 
> setwd("/fh/fast/sun_w/research/Immuno/R_batch2")
> 
> idxf = "/fh/fast/sun_w/research/data/human/hg38/Homo_sapiens_assembly38.fasta "
> 
> cmd1 = "/fh/fast/sun_w/bin/bwa-0.7.17/bwa"
> errs = paste0("--error=bwa_", srr, ".txt")
> outs = paste0("--output=bwa_", srr, ".txt")
> path = "/fh/fast/sun_w/research/data/ncbi_sra/public/fastq"
> inp1 = sprintf("%s/%s_1.fastq.gz", path, srr)
> inp2 = sprintf("%s/%s_2.fastq.gz", path, srr)
> oupt = sprintf("/fh/fast/sun_w/research/Immuno/data/Hugo_2016/sams/%s.sam", srr)
> 
> cmds = "sbatch --constraint x10sle --comment=\"naccesspolicy:singlejob\""
> cmds = sprintf("%s -n 1 -c 4 %s %s --wrap=\"%s", cmds, errs, outs, cmd1)
> cmds = sprintf("%s mem -t 4 %s %s %s > %s\"", cmds, idxf, inp1, inp2, oupt)
> 
> cat(cmds[1])
sbatch --constraint x10sle --comment="naccesspolicy:singlejob" -n 1 -c 4 --error=bwa_SRR3083837.txt --output=bwa_SRR3083837.txt --wrap="/fh/fast/sun_w/bin/bwa-0.7.17/bwa mem -t 4 /fh/fast/sun_w/research/data/human/hg38/Homo_sapiens_assembly38.fasta  /fh/fast/sun_w/research/data/ncbi_sra/public/fastq/SRR3083837_1.fastq.gz /fh/fast/sun_w/research/data/ncbi_sra/public/fastq/SRR3083837_2.fastq.gz > /fh/fast/sun_w/research/Immuno/data/Hugo_2016/sams/SRR3083837.sam"> 
> cat(cmds, file="step2_bwa_batch.sh", sep="\n")
> 
> q(save="no")
> proc.time()
   user  system elapsed 
  0.191   0.085   0.294 
